[2025-10-03 11:20:52] dbConnection: SQLSTATE[HY000] [2002] A connection attempt failed because the connected party did not properly respond after a period of time, or established connection failed because connected host has failed to respond in C:\laragon\www\WS_KEU\config\conn.php:15
[2025-10-03 11:21:18] dbConnection: SQLSTATE[HY000] [2002] A connection attempt failed because the connected party did not properly respond after a period of time, or established connection failed because connected host has failed to respond in C:\laragon\www\WS_KEU\config\conn.php:15
[2025-10-03 11:22:00] dbConnection: SQLSTATE[HY000] [1049] Unknown database 'malang_arrohmah_spp' in C:\laragon\www\WS_KEU\config\conn.php:15
[2025-10-03 11:22:04] dbConnection: SQLSTATE[HY000] [1049] Unknown database 'malang_arrohmah_spp' in C:\laragon\www\WS_KEU\config\conn.php:15
[2025-10-03 11:22:19] dbConnection: SQLSTATE[HY000] [1049] Unknown database 'malang_arrohmah_spp' in C:\laragon\www\WS_KEU\config\conn.php:15
[2025-10-03 11:23:10] dbConnection: SQLSTATE[HY000] [1049] Unknown database 'malang_arrohmah_spp' in C:\laragon\www\WS_KEU\config\conn.php:15
[2025-10-03 11:30:42] dbConnection: SQLSTATE[HY000] [1049] Unknown database 'malang_arrohmah_spp' in C:\laragon\www\WS_KEU\config\conn.php:15
[2025-10-03 11:31:25] dbConnection: SQLSTATE[HY000] [1049] Unknown database 'malang_arrohmah_spp' in C:\laragon\www\WS_KEU\config\conn.php:15
[2025-10-03 11:32:29] dbConnection: SQLSTATE[HY000] [1049] Unknown database 'malang_arrohmah_spp' in C:\laragon\www\WS_KEU\config\conn.php:15
[2025-10-03 11:33:08] dbConnection: SQLSTATE[HY000] [1049] Unknown database 'malang_arrohmah_spp' in C:\laragon\www\WS_KEU\config\conn.php:15
[2025-10-03 11:36:25] dbConnection: SQLSTATE[HY000] [1049] Unknown database 'malang_arrohmah_spp' in C:\laragon\www\WS_KEU\config\conn.php:15
[2025-10-03 11:36:30] dbConnection: SQLSTATE[HY000] [1049] Unknown database 'malang_arrohmah_spp' in C:\laragon\www\WS_KEU\config\conn.php:15
[2025-10-03 11:37:17] dbConnection: SQLSTATE[HY000] [1049] Unknown database 'malang_arrohmah_spp' in C:\laragon\www\WS_KEU\config\conn.php:15
[2025-10-03 15:52:15] dbConnection: SQLSTATE[HY000] [1049] Unknown database 'malang_arrohmah_spp' in C:\laragon\www\WS_KEU\config\conn.php:15
[2025-11-17 20:33:03] dbConnection: SQLSTATE[HY000] [1045] Access denied for user ''@'localhost' (using password: NO) in C:\laragon\www\WS_SERVER\config\conn.php:15
[2025-11-17 20:33:15] dbConnection: SQLSTATE[HY000] [1045] Access denied for user ''@'localhost' (using password: NO) in C:\laragon\www\WS_SERVER\config\conn.php:15
[2025-11-17 20:39:28] dbConnection: SQLSTATE[HY000] [1045] Access denied for user ''@'localhost' (using password: NO) in C:\laragon\www\WS_SERVER\config\conn.php:15
[2025-11-20 13:20:23] dbConnection: SQLSTATE[HY000] [1045] Access denied for user 'root'@'localhost' (using password: NO) in C:\xampp\htdocs\WS_CLIENT\DEMO_POS\config\conn.php:15
[2026-01-21 11:45:16] dbConnection: SQLSTATE[HY000] [2002] A connection attempt failed because the connected party did not properly respond after a period of time, or established connection failed because connected host has failed to respond in C:\xampp\htdocs\WS_CLIENT\Batam_Hidayatullah\config\conn.php:15
[2026-01-21 11:47:30] dbConnection: SQLSTATE[HY000] [2002] A connection attempt failed because the connected party did not properly respond after a period of time, or established connection failed because connected host has failed to respond in C:\xampp\htdocs\WS_CLIENT\Batam_Hidayatullah\config\conn.php:15
[2026-01-21 11:47:57] dbConnection: SQLSTATE[HY000] [2002] A connection attempt failed because the connected party did not properly respond after a period of time, or established connection failed because connected host has failed to respond in C:\xampp\htdocs\WS_CLIENT\Batam_Hidayatullah\config\conn.php:15
[2026-01-21 11:48:11] dbConnection: SQLSTATE[HY000] [2002] A connection attempt failed because the connected party did not properly respond after a period of time, or established connection failed because connected host has failed to respond in C:\xampp\htdocs\WS_CLIENT\Batam_Hidayatullah\config\conn.php:15
[2026-01-21 11:48:19] dbConnection: SQLSTATE[HY000] [2002] A connection attempt failed because the connected party did not properly respond after a period of time, or established connection failed because connected host has failed to respond in C:\xampp\htdocs\WS_CLIENT\Batam_Hidayatullah\config\conn.php:15
[2026-01-21 11:49:00] dbConnection: SQLSTATE[HY000] [2002] A connection attempt failed because the connected party did not properly respond after a period of time, or established connection failed because connected host has failed to respond in C:\xampp\htdocs\WS_CLIENT\Batam_Hidayatullah\config\conn.php:15
[2026-01-21 11:49:47] dbConnection: SQLSTATE[HY000] [2002] A connection attempt failed because the connected party did not properly respond after a period of time, or established connection failed because connected host has failed to respond in C:\xampp\htdocs\WS_CLIENT\Batam_Hidayatullah\config\conn.php:15
[2026-01-21 11:58:55] dbConnection: SQLSTATE[HY000] [2002] A connection attempt failed because the connected party did not properly respond after a period of time, or established connection failed because connected host has failed to respond in C:\xampp\htdocs\WS_CLIENT\Batam_Hidayatullah\config\conn.php:15
[2026-01-21 11:59:26] dbConnection: SQLSTATE[HY000] [2002] A connection attempt failed because the connected party did not properly respond after a period of time, or established connection failed because connected host has failed to respond in C:\xampp\htdocs\WS_CLIENT\Batam_Hidayatullah\config\conn.php:15
[2026-01-21 12:02:59] dbConnection: SQLSTATE[HY000] [2002] No connection could be made because the target machine actively refused it in C:\xampp\htdocs\WS_CLIENT\Batam_Hidayatullah\config\conn.php:15
[2026-01-21 12:03:05] dbConnection: SQLSTATE[HY000] [2002] No connection could be made because the target machine actively refused it in C:\xampp\htdocs\WS_CLIENT\Batam_Hidayatullah\config\conn.php:15
[2026-01-21 12:09:04] dbConnection: SQLSTATE[HY000] [2002] No connection could be made because the target machine actively refused it in C:\xampp\htdocs\WS_CLIENT\Batam_Hidayatullah\config\conn.php:15
[2026-01-21 12:12:45] dbConnection: SQLSTATE[HY000] [2002] No connection could be made because the target machine actively refused it in C:\xampp\htdocs\WS_CLIENT\Batam_Hidayatullah\config\conn.php:15
[2026-01-21 12:20:42] dbConnection: SQLSTATE[HY000] [2002] No connection could be made because the target machine actively refused it in C:\xampp\htdocs\WS_CLIENT\Batam_Hidayatullah\config\conn.php:15
[2026-01-21 12:20:54] dbConnection: SQLSTATE[HY000] [2002] No connection could be made because the target machine actively refused it in C:\xampp\htdocs\WS_CLIENT\Batam_Hidayatullah\config\conn.php:15
[2026-01-21 12:21:32] dbConnection: SQLSTATE[HY000] [2002] A connection attempt failed because the connected party did not properly respond after a period of time, or established connection failed because connected host has failed to respond in C:\xampp\htdocs\WS_CLIENT\Batam_Hidayatullah\config\conn.php:15
